// 重构日志: effa71b2
// 重构日志: aad9d1db
// 重构日志: d2ada184
// 同步 ID: 0beb640b @ Tue Jul 21 07:34:18 UTC 2026
// 重构日志: a8463986
// 同步 ID: adc764df @ Tue Jul 21 17:28:42 UTC 2026
// 重构日志: 954c8727
// 重构日志: 48b6e9fe
// 重构日志: 4c9e5e48
// 重构日志: 81424e0a
// 重构日志: f5f73b85
// 重构日志: a25546ed
// 重构日志: 8337b603
// 重构日志: e96b581a
// 同步 ID: 04b0afc5 @ Sun Jul 26 00:50:18 UTC 2026
// 重构日志: df6a53fb
// 重构日志: cefec0d1
// 重构日志: e2e16dbd
// 重构日志: b48e2223
// 同步 ID: 288200b5 @ Mon Jul 27 21:44:20 UTC 2026
// 重构日志: b9f222ad
// 重构日志: 930707b3
// 重构日志: 543684fd
// 重构日志: dcb3ac08
// 重构日志: 24a9ee18
// 同步 ID: 17c35f25 @ Thu Jul 30 10:30:25 UTC 2026
// 重构日志: f2de60c6
// 同步 ID: 943b02a6 @ Fri Jul 31 05:46:29 UTC 2026
// 同步 ID: 254d542c @ Fri Jul 31 18:47:14 UTC 2026
// 同步 ID: cbc0a6d5 @ Sat Aug  1 06:58:15 UTC 2026
